#-----------------------------------------------------------
# Vivado v2024.1 (64-bit)
# SW Build 5076996 on Wed May 22 18:36:09 MDT 2024
# IP Build 5075265 on Wed May 22 21:45:21 MDT 2024
# SharedData Build 5076995 on Wed May 22 18:29:18 MDT 2024
# Start of session at: Wed Dec 11 12:19:46 2024
# Process ID: 1517
# Current directory: /home/filip/src/dsd-project-ba5/lab07_pong/vivado_project/vivado_project.runs/synth_1
# Command line: vivado -log pong_top.vds -product Vivado -mode batch -messageDb vivado.pb -notrace -source pong_top.tcl
# Log file: /home/filip/src/dsd-project-ba5/lab07_pong/vivado_project/vivado_project.runs/synth_1/pong_top.vds
# Journal file: /home/filip/src/dsd-project-ba5/lab07_pong/vivado_project/vivado_project.runs/synth_1/vivado.jou
# Running On        :thinkpad-e14
# Platform          :Arch
# Operating System  :Arch Linux
# Processor Detail  :11th Gen Intel(R) Core(TM) i5-1135G7 @ 2.40GHz
# CPU Frequency     :2957.292 MHz
# CPU Physical cores:4
# CPU Logical cores :8
# Host memory       :8017 MB
# Swap memory       :25769 MB
# Total Virtual     :33787 MB
# Available Virtual :32124 MB
#-----------------------------------------------------------
source pong_top.tcl -notrace
